// Jest Snapshot v1, https://goo.gl/fbAQLP

exports[`App test should render the app 1`] = `
<div>
  <div
    class="text"
  >
    Be sure to remove as many duds as possible before you begin.
  </div>
  <div
    class="text"
  >
    Enter the words available in a single line, separated by a space.  When finished, press ENTER to submit them.
  </div>
  <div
    class="user-input"
  >
    <div>
      &gt;Â 
    </div>
    <input
      class="user-input-text"
      type="text"
      value=""
    />
  </div>
</div>
`;
